10:03:05 <INFO> Started REINVENT 4.7.15 (C) AstraZeneca 2017, 2023 on 2026-02-09
10:03:05 <INFO> Command line: /home/abadagab/anaconda3/envs/agentd/bin/reinvent -l configs/Mol2Mol.log configs/Mol2Mol.toml
10:03:05 <INFO> Reading run configuration from /home/abadagab/DrugDiscoveryAgent/AgentD/runs/BCL2_pipeline/configs/Mol2Mol.toml using format toml
10:03:05 <INFO> User abadagab on host MAIL-20
10:03:05 <INFO> Python version 3.10.18
10:03:05 <INFO> PyTorch version 2.9.1+cu128, git 5811a8d7da873dd699ff6687092c225caffcf1bb
10:03:05 <INFO> PyTorch compiled with CUDA version 12.8
10:03:05 <INFO> RDKit version 2025.09.4
10:03:05 <INFO> Platform Linux-5.15.0-139-generic-x86_64-with-glibc2.31
10:03:05 <INFO> CUDA driver version 550.78
10:03:05 <INFO> Number of PyTorch CUDA devices 2
10:03:05 <WARN> 'use_cuda' is deprecated, use 'device' instead
10:03:05 <INFO> Using GPU device:0 NVIDIA RTX A6000
10:03:06 <INFO> GPU memory: 48393 MiB free, 48669 MiB total
10:03:06 <INFO> Writing JSON config file to /home/abadagab/DrugDiscoveryAgent/AgentD/runs/BCL2_pipeline/_sampling.json
10:03:06 <INFO> Starting Sampling
10:03:06 <ERRO> /home/abadagab/REINVENT4/priors/mol2mol_medium_similarity.prior has invalid hash:
{ 'comments': [],
  'creation_date': 0,
  'date_format': 'UNIX epoch',
  'hash_id': 'b67da12a3b4abf1ea4f6d24c0ac58d50',
  'hash_id_format': 'xxhash.xxh3_128_hex 3.4.1',
  'model_id': '0c2799f6b12342b3a31b97c755f8f13a',
  'model_id_format': 'uuid.uuid4 3.10.12',
  'origina_data_source': 'ChEMBL 28',
  'updates': []}
10:03:06 <INFO> Number of network parameters: 17,462,400
10:03:06 <INFO> Network architecture:
EncoderDecoder(
  (encoder): Encoder(
    (layers): ModuleList(
      (0-5): 6 x EncoderLayer(
        (self_attn): MultiHeadedAttention(
          (linears): ModuleList(
            (0-3): 4 x Linear(in_features=256, out_features=256, bias=True)
          )
          (dropout): Dropout(p=0.1, inplace=False)
        )
        (feed_forward): PositionwiseFeedForward(
          (w_1): Linear(in_features=256, out_features=2048, bias=True)
          (w_2): Linear(in_features=2048, out_features=256, bias=True)
          (dropout): Dropout(p=0.1, inplace=False)
        )
        (sublayer): ModuleList(
          (0-1): 2 x SublayerConnection(
            (norm): LayerNorm()
            (dropout): Dropout(p=0.1, inplace=False)
          )
        )
      )
    )
    (norm): LayerNorm()
  )
  (decoder): Decoder(
    (layers): ModuleList(
      (0-5): 6 x DecoderLayer(
        (self_attn): MultiHeadedAttention(
          (linears): ModuleList(
            (0-3): 4 x Linear(in_features=256, out_features=256, bias=True)
          )
          (dropout): Dropout(p=0.1, inplace=False)
        )
        (src_attn): MultiHeadedAttention(
          (linears): ModuleList(
            (0-3): 4 x Linear(in_features=256, out_features=256, bias=True)
          )
          (dropout): Dropout(p=0.1, inplace=False)
        )
        (feed_forward): PositionwiseFeedForward(
          (w_1): Linear(in_features=256, out_features=2048, bias=True)
          (w_2): Linear(in_features=2048, out_features=256, bias=True)
          (dropout): Dropout(p=0.1, inplace=False)
        )
        (sublayer): ModuleList(
          (0-2): 3 x SublayerConnection(
            (norm): LayerNorm()
            (dropout): Dropout(p=0.1, inplace=False)
          )
        )
      )
    )
    (norm): LayerNorm()
  )
  (src_embed): Sequential(
    (0): Embeddings(
      (lut): Embedding(128, 256)
    )
    (1): PositionalEncoding(
      (dropout): Dropout(p=0.1, inplace=False)
    )
  )
  (tgt_embed): Sequential(
    (0): Embeddings(
      (lut): Embedding(128, 256)
    )
    (1): PositionalEncoding(
      (dropout): Dropout(p=0.1, inplace=False)
    )
  )
  (generator): Generator(
    (proj): Linear(in_features=256, out_features=128, bias=True)
  )
)
10:03:06 <INFO> Using generator Mol2Mol
10:03:06 <INFO> Writing sampled SMILES to CSV file pool/Mol2Mol_sampling.csv
10:03:06 <WARN> randomize_smiles was set to True but the model was not trained with randomized SMILES.  Setting randomize_smiles to False.
10:03:06 <INFO> Sampling 2 SMILES from model /home/abadagab/REINVENT4/priors/mol2mol_medium_similarity.prior
10:03:07 <INFO> Removed 0 invalid SMILES
10:03:07 <INFO> Peak main memory usage: 1493.977 MiB
10:03:07 <INFO> Finished REINVENT on 2026-02-09
