10:45:08 <INFO> Started REINVENT 4.7.15 (C) AstraZeneca 2017, 2023 on 2026-02-09
10:45:08 <INFO> Command line: /home/abadagab/anaconda3/envs/agentd/bin/reinvent -l configs/Reinvent.log configs/Reinvent.toml
10:45:08 <INFO> Reading run configuration from /home/abadagab/DrugDiscoveryAgent/AgentD/runs/BCL2_selection/configs/Reinvent.toml using format toml
10:45:08 <INFO> User abadagab on host MAIL-20
10:45:08 <INFO> Python version 3.10.18
10:45:08 <INFO> PyTorch version 2.9.1+cu128, git 5811a8d7da873dd699ff6687092c225caffcf1bb
10:45:08 <INFO> PyTorch compiled with CUDA version 12.8
10:45:08 <INFO> RDKit version 2025.09.4
10:45:08 <INFO> Platform Linux-5.15.0-139-generic-x86_64-with-glibc2.31
10:45:08 <INFO> CUDA driver version 550.78
10:45:08 <INFO> Number of PyTorch CUDA devices 2
10:45:08 <WARN> 'use_cuda' is deprecated, use 'device' instead
10:45:08 <INFO> Using GPU device:0 NVIDIA RTX A6000
10:45:08 <INFO> GPU memory: 48393 MiB free, 48669 MiB total
10:45:08 <INFO> Writing JSON config file to /home/abadagab/DrugDiscoveryAgent/AgentD/runs/BCL2_selection/_sampling.json
10:45:08 <INFO> Starting Sampling
10:45:08 <INFO> /home/abadagab/REINVENT4/priors/reinvent.prior has valid hash:
{ 'comments': [],
  'creation_date': 0,
  'date_format': 'UNIX epoch',
  'hash_id': '173568c36e1fc3d95cab289c7d31ce0b',
  'hash_id_format': 'xxhash.xxh3_128_hex 3.4.1',
  'model_id': '55d68f8a81c04f5a86304ebe1723a0ea',
  'model_id_format': 'uuid.uuid4 3.10.12',
  'origina_data_source': 'ChEMBL 25',
  'updates': []}
10:45:08 <INFO> Number of network parameters: 5,805,602
10:45:08 <INFO> Network architecture:
RNN(
  (_embedding): Embedding(34, 256)
  (_rnn): LSTM(256, 512, num_layers=3, batch_first=True)
  (_linear): Linear(in_features=512, out_features=34, bias=True)
)
10:45:08 <INFO> Using generator Reinvent
10:45:08 <INFO> Writing sampled SMILES to CSV file pool/Reinvent_sampling.csv
10:45:08 <INFO> Sampling 2 SMILES from model /home/abadagab/REINVENT4/priors/reinvent.prior
10:45:09 <INFO> Removed 0 invalid SMILES
10:45:09 <INFO> Peak main memory usage: 1332.512 MiB
10:45:09 <INFO> Finished REINVENT on 2026-02-09
